2020-08-18 16:20:45	첫 번째 로깅 문장입니다.
2020-08-18 16:21:22	두 번째 로깅 문장입니다.
